******************************************************************************
                  TI ARM Linker PC v15.12.1                    
******************************************************************************
>> Linked Wed Oct 05 15:52:07 2016

OUTPUT FILE NAME:   <lower-control-system.out>
ENTRY POINT SYMBOL: "_c_int00"  address: 00001649


MEMORY CONFIGURATION

         name            origin    length      used     unused   attr    fill
----------------------  --------  ---------  --------  --------  ----  --------
  FLASH                 00000000   00040000  00001c24  0003e3dc  R  X
  SRAM                  20000000   00008000  000002cc  00007d34  RW X


SEGMENT ALLOCATION MAP

run origin  load origin   length   init length attrs members
----------  ----------- ---------- ----------- ----- -------
00000000    00000000    00001c24   00001c24    r-x
  00000000    00000000    0000026c   0000026c    r-- .intvecs
  0000026c    0000026c    00001808   00001808    r-x .text
  00001a74    00001a74    0000016c   0000016c    r-- .const
  00001be0    00001be0    00000044   00000044    r-- .cinit
20000000    20000000    000002cc   00000000    rw-
  20000000    20000000    00000200   00000000    rw- .stack
  20000200    20000200    00000078   00000000    rw- .bss
  20000278    20000278    00000054   00000000    rw- .data


SECTION ALLOCATION MAP

 output                                  attributes/
section   page    origin      length       input sections
--------  ----  ----------  ----------   ----------------
.intvecs   0    00000000    0000026c     
                  00000000    0000026c     tm4c123gh6pm_startup_ccs.obj (.intvecs)

.text      0    0000026c    00001808     
                  0000026c    00000518     common.obj (.text)
                  00000784    000002f8     init.obj (.text)
                  00000a7c    0000025c     main.obj (.text)
                  00000cd8    00000132     driverlib.lib : gpio.obj (.text:GPIOPadConfigSet)
                  00000e0a    00000002     rtsv7M4_T_le_v4SPD16_eabi.lib : mpu_init.obj (.text)
                  00000e0c    00000124     movingArray.obj (.text)
                  00000f30    00000110     driverlib.lib : sysctl.obj (.text:SysCtlClockGet)
                  00001040    000000fc     rtsv7M4_T_le_v4SPD16_eabi.lib : fd_mul_t2.obj (.text)
                  0000113c    000000f4     driverlib.lib : sysctl.obj (.text:SysCtlClockSet)
                  00001230    000000f0     pidController.obj (.text)
                  00001320    0000009c     rtsv7M4_T_le_v4SPD16_eabi.lib : memcpy_t2.obj (.text)
                  000013bc    0000007a                                   : memset_t2.obj (.text)
                  00001436    00000002                                   : startup.obj (.text)
                  00001438    00000070                                   : autoinit.obj (.text)
                  000014a8    0000006e                                   : fd_tos_t2.obj (.text)
                  00001516    0000006a                                   : copy_decompress_rle.obj (.text)
                  00001580    00000068     driverlib.lib : interrupt.obj (.text:IntEnable)
                  000015e8    00000060                   : timer.obj (.text:TimerConfigure)
                  00001648    00000054     rtsv7M4_T_le_v4SPD16_eabi.lib : boot.obj (.text)
                  0000169c    00000054                                   : exit.obj (.text)
                  000016f0    0000004c                                   : cpy_tbl.obj (.text)
                  0000173c    00000048     driverlib.lib : gpio.obj (.text:GPIOPinConfigure)
                  00001784    00000046                   : uart.obj (.text:UARTConfigSetExpClk)
                  000017ca    00000002     --HOLE-- [fill = 0]
                  000017cc    00000034                   : sysctl.obj (.text:SysCtlPeripheralEnable)
                  00001800    0000002e     rtsv7M4_T_le_v4SPD16_eabi.lib : i_tofd_t2.obj (.text)
                  0000182e    0000002a     driverlib.lib : gpio.obj (.text:GPIODirModeSet)
                  00001858    00000022                   : pwm.obj (.text:PWMGenConfigure)
                  0000187a    00000002     --HOLE-- [fill = 0]
                  0000187c    00000020                   : uart.obj (.text:UARTDisable)
                  0000189c    0000001e                   : pwm.obj (.text:PWMPulseWidthSet)
                  000018ba    00000018                   : gpio.obj (.text:GPIOPinTypeGPIOOutput)
                  000018d2    00000002     --HOLE-- [fill = 0]
                  000018d4    00000018     rtsv7M4_T_le_v4SPD16_eabi.lib : args_main.obj (.text)
                  000018ec    00000014     driverlib.lib : sysctl.obj (.text:SysCtlPWMClockSet)
                  00001900    00000014                   : uart.obj (.text:UARTEnable)
                  00001914    00000014     rtsv7M4_T_le_v4SPD16_eabi.lib : _lock.obj (.text)
                  00001928    00000012     driverlib.lib : gpio.obj (.text:GPIOPinTypePWM)
                  0000193a    00000012                   : gpio.obj (.text:GPIOPinTypeQEI)
                  0000194c    00000012                   : gpio.obj (.text:GPIOPinTypeUART)
                  0000195e    00000012                   : pwm.obj (.text:PWMOutputState)
                  00001970    00000012                   : timer.obj (.text:TimerLoadSet)
                  00001982    00000010                   : interrupt.obj (.text:IntMasterEnable)
                  00001992    00000010                   : pwm.obj (.text:PWMGenPeriodSet)
                  000019a2    00000010                   : qei.obj (.text:QEIVelocityConfigure)
                  000019b2    0000000e                   : qei.obj (.text:QEIConfigure)
                  000019c0    0000000e                   : qei.obj (.text:QEIDirectionGet)
                  000019ce    0000000e                   : timer.obj (.text:TimerEnable)
                  000019dc    0000000e     rtsv7M4_T_le_v4SPD16_eabi.lib : copy_decompress_none.obj (.text:decompress:none)
                  000019ea    0000000c     driverlib.lib : cpu.obj (.text:CPUcpsie)
                  000019f6    0000000c                   : pwm.obj (.text:PWMGenEnable)
                  00001a02    0000000c     tm4c123gh6pm_startup_ccs.obj (.text)
                  00001a0e    0000000a     driverlib.lib : qei.obj (.text:QEIEnable)
                  00001a18    0000000a                   : qei.obj (.text:QEIVelocityEnable)
                  00001a22    0000000a                   : uart.obj (.text:UARTCharPut)
                  00001a2c    0000000a                   : uart.obj (.text:UARTIntStatus)
                  00001a36    00000008                   : qei.obj (.text:QEIIntEnable)
                  00001a3e    00000008                   : timer.obj (.text:TimerIntEnable)
                  00001a46    00000008                   : uart.obj (.text:UARTIntEnable)
                  00001a4e    00000006                   : gpio.obj (.text:GPIOPinWrite)
                  00001a54    00000006                   : sysctl.obj (.text:SysCtlDelay)
                  00001a5a    00000006     rtsv7M4_T_le_v4SPD16_eabi.lib : copy_decompress_rle.obj (.text:decompress:rle24)
                  00001a60    00000004     driverlib.lib : qei.obj (.text:QEIIntClear)
                  00001a64    00000004                   : qei.obj (.text:QEIVelocityGet)
                  00001a68    00000004                   : timer.obj (.text:TimerIntClear)
                  00001a6c    00000004                   : uart.obj (.text:UARTIntClear)
                  00001a70    00000004     rtsv7M4_T_le_v4SPD16_eabi.lib : pre_init.obj (.text)

.const     0    00001a74    0000016c     
                  00001a74    00000090     driverlib.lib : gpio.obj (.const:g_pui32GPIOBaseAddrs)
                  00001b04    00000070                   : interrupt.obj (.const)
                  00001b74    0000006c                   : sysctl.obj (.const:g_pui32Xtals)

.cinit     0    00001be0    00000044     
                  00001be0    0000001a     (.cinit..data.load) [load image, compression = rle]
                  00001bfa    00000006     --HOLE-- [fill = 0]
                  00001c00    00000009     (.cinit..bss.load) [load image, compression = rle]
                  00001c09    00000003     --HOLE-- [fill = 0]
                  00001c0c    00000008     (__TI_handler_table)
                  00001c14    00000010     (__TI_cinit_table)

.init_array 
*          0    00000000    00000000     UNINITIALIZED

.stack     0    20000000    00000200     UNINITIALIZED
                  20000000    00000200     --HOLE--

.bss       0    20000200    00000078     UNINITIALIZED
                  20000200    00000050     (.common:movingArray)
                  20000250    00000008     (.common:Kd)
                  20000258    00000008     (.common:Ki)
                  20000260    00000008     (.common:Kp)
                  20000268    00000008     (.common:errorIntegral)
                  20000270    00000008     (.common:prevError)

.data      0    20000278    00000054     UNINITIALIZED
                  20000278    0000000c     rtsv7M4_T_le_v4SPD16_eabi.lib : exit.obj (.data:$O1$$)
                  20000284    0000000c     main.obj (.data)
                  20000290    00000008     rtsv7M4_T_le_v4SPD16_eabi.lib : _lock.obj (.data:$O1$$)
                  20000298    00000008     main.obj (.data:bufferDesiredRPM)
                  200002a0    00000008     main.obj (.data:currentRPM)
                  200002a8    00000008     main.obj (.data:desiredRPM)
                  200002b0    00000008     movingArray.obj (.data:index)
                  200002b8    00000008     main.obj (.data:out)
                  200002c0    00000008     movingArray.obj (.data:sum)
                  200002c8    00000004     rtsv7M4_T_le_v4SPD16_eabi.lib : stkdepth_vars.obj (.data)

MODULE SUMMARY

       Module                         code   ro data   rw data
       ------                         ----   -------   -------
    .\
       main.obj                       604    0         44     
       tm4c123gh6pm_startup_ccs.obj   12     620       0      
    +--+------------------------------+------+---------+---------+
       Total:                         616    620       44     
                                                              
    .\userLib\
       common.obj                     1304   0         0      
       init.obj                       760    0         0      
       movingArray.obj                292    0         96     
       pidController.obj              240    0         40     
    +--+------------------------------+------+---------+---------+
       Total:                         2596   0         136    
                                                              
    C:/ti/TivaWare_C_Series-2.1.2.111/driverlib/ccs/Debug/driverlib.lib
       sysctl.obj                     594    108       0      
       gpio.obj                       504    144       0      
       interrupt.obj                  120    112       0      
       uart.obj                       154    0         0      
       timer.obj                      140    0         0      
       pwm.obj                        110    0         0      
       qei.obj                        80     0         0      
       cpu.obj                        12     0         0      
    +--+------------------------------+------+---------+---------+
       Total:                         1714   364       0      
                                                              
    C:\ti\ccsv6\tools\compiler\ti-cgt-arm_15.12.1.LTS\lib\rtsv7M4_T_le_v4SPD16_eabi.lib
       fd_mul_t2.obj                  252    0         0      
       memcpy_t2.obj                  156    0         0      
       memset_t2.obj                  122    0         0      
       autoinit.obj                   112    0         0      
       copy_decompress_rle.obj        112    0         0      
       fd_tos_t2.obj                  110    0         0      
       exit.obj                       84     0         12     
       boot.obj                       84     0         0      
       cpy_tbl.obj                    76     0         0      
       i_tofd_t2.obj                  46     0         0      
       _lock.obj                      20     0         8      
       args_main.obj                  24     0         0      
       copy_decompress_none.obj       14     0         0      
       pre_init.obj                   4      0         0      
       stkdepth_vars.obj              0      0         4      
       mpu_init.obj                   2      0         0      
       startup.obj                    2      0         0      
    +--+------------------------------+------+---------+---------+
       Total:                         1220   0         24     
                                                              
       Stack:                         0      0         512    
       Linker Generated:              0      59        0      
    +--+------------------------------+------+---------+---------+
       Grand Total:                   6146   1043      716    


LINKER GENERATED COPY TABLES

__TI_cinit_table @ 00001c14 records: 2, size/record: 8, table size: 16
	.data: load addr=00001be0, load size=0000001a bytes, run addr=20000278, run size=00000054 bytes, compression=rle
	.bss: load addr=00001c00, load size=00000009 bytes, run addr=20000200, run size=00000078 bytes, compression=rle


LINKER GENERATED HANDLER TABLE

__TI_handler_table @ 00001c0c records: 2, size/record: 4, table size: 8
	index: 0, handler: __TI_decompress_rle24
	index: 1, handler: __TI_decompress_none


GLOBAL SYMBOLS: SORTED ALPHABETICALLY BY Name 

address   name                           
-------   ----                           
0000169d  C$$EXIT                        
000019eb  CPUcpsie                       
0000182f  GPIODirModeSet                 
00000cd9  GPIOPadConfigSet               
0000173d  GPIOPinConfigure               
000018bb  GPIOPinTypeGPIOOutput          
00001929  GPIOPinTypePWM                 
0000193b  GPIOPinTypeQEI                 
0000194d  GPIOPinTypeUART                
00001a4f  GPIOPinWrite                   
00000619  GraphPlot0                     
000006d1  GraphPlot1                     
00001581  IntEnable                      
00001983  IntMasterEnable                
20000250  Kd                             
20000258  Ki                             
20000260  Kp                             
00001279  PID                            
00001859  PWMGenConfigure                
000019f7  PWMGenEnable                   
00001993  PWMGenPeriodSet                
0000195f  PWMOutputState                 
0000189d  PWMPulseWidthSet               
00000bd1  QEI0IntHandler                 
00000c2f  QEI1IntHandler                 
000019b3  QEIConfigure                   
000019c1  QEIDirectionGet                
00001a0f  QEIEnable                      
00001a61  QEIIntClear                    
00001a37  QEIIntEnable                   
000019a3  QEIVelocityConfigure           
00001a19  QEIVelocityEnable              
00001a65  QEIVelocityGet                 
00001a03  ResetISR                       
UNDEFED   SHT$$INIT_ARRAY$$Base          
UNDEFED   SHT$$INIT_ARRAY$$Limit         
00000f31  SysCtlClockGet                 
0000113d  SysCtlClockSet                 
00001a55  SysCtlDelay                    
000018ed  SysCtlPWMClockSet              
000017cd  SysCtlPeripheralEnable         
00000b27  Timer0IntHandler               
000015e9  TimerConfigure                 
000019cf  TimerEnable                    
00001a69  TimerIntClear                  
00001a3f  TimerIntEnable                 
00001971  TimerLoadSet                   
00001a23  UARTCharPut                    
00001785  UARTConfigSetExpClk            
0000187d  UARTDisable                    
00001901  UARTEnable                     
00001a6d  UARTIntClear                   
00001a47  UARTIntEnable                  
00000b33  UARTIntHandler                 
00001a2d  UARTIntStatus                  
0000056d  UART_OutDec                    
00000499  UART_OutUDec                   
000003ef  UART_TransmitString            
20000200  __STACK_END                    
00000200  __STACK_SIZE                   
20000200  __STACK_TOP                    
00001c14  __TI_CINIT_Base                
00001c24  __TI_CINIT_Limit               
00001c0c  __TI_Handler_Table_Base        
00001c14  __TI_Handler_Table_Limit       
00001439  __TI_auto_init                 
20000278  __TI_cleanup_ptr               
000019dd  __TI_decompress_none           
00001a5b  __TI_decompress_rle24          
2000027c  __TI_dtors_ptr                 
20000280  __TI_enable_exit_profile_output
ffffffff  __TI_pprof_out_hndl            
ffffffff  __TI_prof_data_size            
ffffffff  __TI_prof_data_start           
00000000  __TI_static_base__             
000014a9  __aeabi_d2f                    
00001041  __aeabi_dmul                   
00001801  __aeabi_i2d                    
000013bd  __aeabi_memclr                 
000013bd  __aeabi_memclr4                
000013bd  __aeabi_memclr8                
00001321  __aeabi_memcpy                 
00001321  __aeabi_memcpy4                
00001321  __aeabi_memcpy8                
000013bf  __aeabi_memset                 
000013bf  __aeabi_memset4                
000013bf  __aeabi_memset8                
ffffffff  __binit__                      
ffffffff  __c_args__                     
00000e0b  __mpu_init                     
20000000  __stack                        
000018d5  _args_main                     
00001649  _c_int00                       
20000290  _lock                          
00001923  _nop                           
0000191b  _register_lock                 
00001915  _register_unlock               
00001437  _system_post_cinit             
00001a71  _system_pre_init               
20000294  _unlock                        
000016a1  abort                          
000003d7  absolute                       
ffffffff  binit                          
20000298  bufferDesiredRPM               
00000341  calculateRPM                   
000016f1  copy_in                        
200002a0  currentRPM                     
200002a8  desiredRPM                     
20000268  errorIntegral                  
000016a9  exit                           
00000000  g_pfnVectors                   
200002b0  index                          
00001231  initPIDController              
00000a7d  main                           
200002c8  main_func_sp                   
20000288  maxPWM                         
00001321  memcpy                         
000013c5  memset                         
2000028c  minPWM                         
00000785  motorDirInit                   
20000200  movingArray                    
00000e0d  movingArrayOut                 
200002b8  out                            
20000270  prevError                      
0000089d  pwmInit                        
00000909  qeiInit                        
0000026d  setPWM                         
200002c0  sum                            
000007ad  timerInit                      
000007e7  uart0Init                      
00000821  uart1Init                      
00000859  uart5Init                      
20000284  uartReceiveCount               


GLOBAL SYMBOLS: SORTED BY Symbol Address 

address   name                           
-------   ----                           
00000000  __TI_static_base__             
00000000  g_pfnVectors                   
00000200  __STACK_SIZE                   
0000026d  setPWM                         
00000341  calculateRPM                   
000003d7  absolute                       
000003ef  UART_TransmitString            
00000499  UART_OutUDec                   
0000056d  UART_OutDec                    
00000619  GraphPlot0                     
000006d1  GraphPlot1                     
00000785  motorDirInit                   
000007ad  timerInit                      
000007e7  uart0Init                      
00000821  uart1Init                      
00000859  uart5Init                      
0000089d  pwmInit                        
00000909  qeiInit                        
00000a7d  main                           
00000b27  Timer0IntHandler               
00000b33  UARTIntHandler                 
00000bd1  QEI0IntHandler                 
00000c2f  QEI1IntHandler                 
00000cd9  GPIOPadConfigSet               
00000e0b  __mpu_init                     
00000e0d  movingArrayOut                 
00000f31  SysCtlClockGet                 
00001041  __aeabi_dmul                   
0000113d  SysCtlClockSet                 
00001231  initPIDController              
00001279  PID                            
00001321  __aeabi_memcpy                 
00001321  __aeabi_memcpy4                
00001321  __aeabi_memcpy8                
00001321  memcpy                         
000013bd  __aeabi_memclr                 
000013bd  __aeabi_memclr4                
000013bd  __aeabi_memclr8                
000013bf  __aeabi_memset                 
000013bf  __aeabi_memset4                
000013bf  __aeabi_memset8                
000013c5  memset                         
00001437  _system_post_cinit             
00001439  __TI_auto_init                 
000014a9  __aeabi_d2f                    
00001581  IntEnable                      
000015e9  TimerConfigure                 
00001649  _c_int00                       
0000169d  C$$EXIT                        
000016a1  abort                          
000016a9  exit                           
000016f1  copy_in                        
0000173d  GPIOPinConfigure               
00001785  UARTConfigSetExpClk            
000017cd  SysCtlPeripheralEnable         
00001801  __aeabi_i2d                    
0000182f  GPIODirModeSet                 
00001859  PWMGenConfigure                
0000187d  UARTDisable                    
0000189d  PWMPulseWidthSet               
000018bb  GPIOPinTypeGPIOOutput          
000018d5  _args_main                     
000018ed  SysCtlPWMClockSet              
00001901  UARTEnable                     
00001915  _register_unlock               
0000191b  _register_lock                 
00001923  _nop                           
00001929  GPIOPinTypePWM                 
0000193b  GPIOPinTypeQEI                 
0000194d  GPIOPinTypeUART                
0000195f  PWMOutputState                 
00001971  TimerLoadSet                   
00001983  IntMasterEnable                
00001993  PWMGenPeriodSet                
000019a3  QEIVelocityConfigure           
000019b3  QEIConfigure                   
000019c1  QEIDirectionGet                
000019cf  TimerEnable                    
000019dd  __TI_decompress_none           
000019eb  CPUcpsie                       
000019f7  PWMGenEnable                   
00001a03  ResetISR                       
00001a0f  QEIEnable                      
00001a19  QEIVelocityEnable              
00001a23  UARTCharPut                    
00001a2d  UARTIntStatus                  
00001a37  QEIIntEnable                   
00001a3f  TimerIntEnable                 
00001a47  UARTIntEnable                  
00001a4f  GPIOPinWrite                   
00001a55  SysCtlDelay                    
00001a5b  __TI_decompress_rle24          
00001a61  QEIIntClear                    
00001a65  QEIVelocityGet                 
00001a69  TimerIntClear                  
00001a6d  UARTIntClear                   
00001a71  _system_pre_init               
00001c0c  __TI_Handler_Table_Base        
00001c14  __TI_CINIT_Base                
00001c14  __TI_Handler_Table_Limit       
00001c24  __TI_CINIT_Limit               
20000000  __stack                        
20000200  __STACK_END                    
20000200  __STACK_TOP                    
20000200  movingArray                    
20000250  Kd                             
20000258  Ki                             
20000260  Kp                             
20000268  errorIntegral                  
20000270  prevError                      
20000278  __TI_cleanup_ptr               
2000027c  __TI_dtors_ptr                 
20000280  __TI_enable_exit_profile_output
20000284  uartReceiveCount               
20000288  maxPWM                         
2000028c  minPWM                         
20000290  _lock                          
20000294  _unlock                        
20000298  bufferDesiredRPM               
200002a0  currentRPM                     
200002a8  desiredRPM                     
200002b0  index                          
200002b8  out                            
200002c0  sum                            
200002c8  main_func_sp                   
ffffffff  __TI_pprof_out_hndl            
ffffffff  __TI_prof_data_size            
ffffffff  __TI_prof_data_start           
ffffffff  __binit__                      
ffffffff  __c_args__                     
ffffffff  binit                          
UNDEFED   SHT$$INIT_ARRAY$$Base          
UNDEFED   SHT$$INIT_ARRAY$$Limit         

[133 symbols]
